INFO 2026-05-25 19:09:41,226 views Новый пользователь зарегестрирован: Radion
INFO 2026-05-25 19:09:44,741 views Вы успешно вышли из вашего аккаунта! Radion
INFO 2026-05-25 19:09:53,267 views Вы успешно вошли Radion
INFO 2026-05-25 19:24:35,835 views Вы успешно вошли Riebook
INFO 2026-05-25 19:24:59,321 views Вы успешно вошли Riebook
INFO 2026-05-25 19:27:19,635 views Вы успешно вошли Riebook
INFO 2026-05-28 22:34:14,943 views Вы успешно вышли из вашего аккаунта! Riebook
INFO 2026-05-28 22:34:18,899 views Вы успешно вошли Riebook
INFO 2026-05-29 22:56:27,448 views Вы успешно вышли из вашего аккаунта! Riebook
INFO 2026-05-29 22:58:24,264 views Вы успешно вышли из вашего аккаунта! Riebook
INFO 2026-05-29 22:59:36,648 views Вы успешно вышли из вашего аккаунта! Riebook
INFO 2026-05-29 23:19:15,954 middleware [AnonymousUser] GET / -> 200 (578.5 ms)
INFO 2026-05-29 23:19:20,625 middleware [AnonymousUser] GET /login/ -> 200 (145.3 ms)
INFO 2026-05-29 23:19:22,954 middleware [AnonymousUser] GET /account/google/login/ -> 302 (221.9 ms)
INFO 2026-05-29 23:19:29,450 middleware [AnonymousUser] GET /account/google/login/callback/?state=2T7a7YFaAG3ZDAmV&iss=https%3A%2F%2Faccounts.google.com&code=4%2F0AeoWuM_I7VxhHjPq8a7q386bOvQGivKzQOWll4GSyZFgWBFofimH7vsZAU3Mop0gfOqMNQ&scope=email+profile+https%3A%2F%2Fwww.googleapis.com%2Fauth%2Fuserinfo.email+https%3A%2F%2Fwww.googleapis.com%2Fauth%2Fuserinfo.profile+openid&authuser=0&prompt=consent -> 401 (713.5 ms)
INFO 2026-05-29 23:19:31,478 middleware [AnonymousUser] GET /account/login/ -> 200 (195.3 ms)
INFO 2026-05-29 23:19:32,821 middleware [AnonymousUser] GET /account/signup/ -> 200 (203.6 ms)
INFO 2026-05-29 23:19:33,910 middleware [AnonymousUser] GET /account/signup/ -> 200 (163.5 ms)
INFO 2026-05-29 23:19:34,163 middleware [AnonymousUser] GET /account/signup/ -> 200 (187.9 ms)
INFO 2026-05-29 23:19:37,198 middleware [AnonymousUser] GET /account/login/ -> 200 (133.6 ms)
INFO 2026-05-29 23:19:41,582 middleware [AnonymousUser] GET /account/login/ -> 200 (160.5 ms)
INFO 2026-05-29 23:19:47,503 middleware [AnonymousUser] GET /account/login/ -> 200 (145.2 ms)
INFO 2026-05-29 23:19:52,250 middleware [Riebook] POST /account/login/ -> 302 (2393.3 ms)
INFO 2026-05-29 23:19:52,442 middleware [Riebook] GET / -> 200 (127.2 ms)
INFO 2026-06-19 14:49:52,089 middleware [AnonymousUser] GET / -> 500 (1431.2 ms)
INFO 2026-06-19 14:50:12,129 middleware [AnonymousUser] GET / -> 500 (283.9 ms)
INFO 2026-06-19 14:50:12,676 middleware [AnonymousUser] GET /favicon.ico -> 404 (24.7 ms)
INFO 2026-06-19 14:50:52,274 middleware [AnonymousUser] GET / -> 200 (304.7 ms)
INFO 2026-06-19 14:50:57,091 middleware [AnonymousUser] GET / -> 200 (266.7 ms)
INFO 2026-06-19 14:50:59,924 middleware [AnonymousUser] GET /login/ -> 200 (237.2 ms)
INFO 2026-06-19 14:51:03,328 views Вы успешно вошли Riebook
INFO 2026-06-19 14:51:03,329 middleware [Riebook] POST /login/ -> 302 (2143.3 ms)
INFO 2026-06-19 14:51:03,566 middleware [Riebook] GET / -> 200 (170.3 ms)
INFO 2026-06-19 14:51:05,832 middleware [Riebook] GET /step1/ -> 200 (320.6 ms)
INFO 2026-06-19 14:51:09,783 middleware [Riebook] POST /step1/ -> 302 (150.4 ms)
INFO 2026-06-19 14:51:10,055 middleware [Riebook] GET /step2/ -> 200 (207.2 ms)
INFO 2026-06-19 14:51:22,034 middleware [Riebook] POST /step2/ -> 302 (235.9 ms)
INFO 2026-06-19 14:51:22,252 middleware [Riebook] GET /step2/ -> 200 (162.2 ms)
INFO 2026-06-19 14:51:38,731 middleware [Riebook] GET /admin -> 404 (180.8 ms)
INFO 2026-06-19 14:51:39,222 middleware [Riebook] GET /admin/ -> 200 (417.9 ms)
INFO 2026-06-19 14:51:44,620 middleware [Riebook] GET /admin/booksite_functions/category/add/ -> 200 (544.0 ms)
INFO 2026-06-19 14:51:44,910 middleware [Riebook] GET /admin/jsi18n/ -> 200 (178.9 ms)
INFO 2026-06-19 14:51:49,721 middleware [Riebook] POST /admin/booksite_functions/category/add/ -> 302 (253.2 ms)
INFO 2026-06-19 14:51:50,185 middleware [Riebook] GET /admin/booksite_functions/category/ -> 200 (402.0 ms)
INFO 2026-06-19 14:51:50,428 middleware [Riebook] GET /admin/jsi18n/ -> 200 (159.8 ms)
INFO 2026-06-19 14:51:59,589 middleware [Riebook] GET / -> 200 (178.7 ms)
INFO 2026-06-19 14:52:01,573 middleware [Riebook] GET /step1/ -> 200 (158.8 ms)
INFO 2026-06-19 14:52:05,756 middleware [Riebook] POST /step1/ -> 302 (103.3 ms)
INFO 2026-06-19 14:52:05,965 middleware [Riebook] GET /step2/ -> 200 (149.5 ms)
INFO 2026-06-19 14:52:12,930 middleware [Riebook] POST /step2/ -> 302 (159.0 ms)
INFO 2026-06-19 14:52:13,160 middleware [Riebook] GET / -> 200 (167.9 ms)
INFO 2026-06-19 14:52:13,403 middleware [Riebook] GET /media/books/%D0%A1%D0%BD%D0%B8%D0%BC%D0%BE%D0%BA_%D1%8D%D0%BA%D1%80%D0%B0%D0%BD%D0%B0_2026-06-05_235213.png -> 200 (155.3 ms)
INFO 2026-06-19 14:52:23,671 middleware [Riebook] GET / -> 200 (155.3 ms)
INFO 2026-06-19 14:52:23,912 middleware [Riebook] GET /media/books/%D0%A1%D0%BD%D0%B8%D0%BC%D0%BE%D0%BA_%D1%8D%D0%BA%D1%80%D0%B0%D0%BD%D0%B0_2026-06-05_235213.png -> 304 (162.5 ms)
INFO 2026-06-19 14:52:25,838 middleware [Riebook] GET /books/ -> 500 (314.8 ms)
INFO 2026-06-19 14:55:04,934 middleware [Riebook] GET /books/ -> 200 (205.5 ms)
INFO 2026-06-19 14:55:05,153 middleware [Riebook] GET /media/books/%D0%A1%D0%BD%D0%B8%D0%BC%D0%BE%D0%BA_%D1%8D%D0%BA%D1%80%D0%B0%D0%BD%D0%B0_2026-06-05_235213.png -> 304 (126.2 ms)
INFO 2026-06-19 14:55:07,069 middleware [Riebook] GET /cart/add/1/ -> 500 (181.8 ms)
INFO 2026-06-19 15:06:36,873 middleware [Riebook] GET /cart/add/1/ -> 302 (1051.5 ms)
INFO 2026-06-19 15:06:37,147 middleware [Riebook] GET /cart/ -> 500 (208.7 ms)
INFO 2026-06-19 15:08:22,447 middleware [Riebook] GET /cart/ -> 500 (293.9 ms)
INFO 2026-06-19 15:08:44,622 middleware [Riebook] GET /cart/ -> 500 (214.9 ms)
INFO 2026-06-19 15:08:46,016 middleware [Riebook] GET /cart/ -> 500 (210.7 ms)
INFO 2026-06-19 15:08:46,599 middleware [Riebook] GET /cart/ -> 500 (159.8 ms)
INFO 2026-06-19 15:10:38,485 middleware [Riebook] GET /cart/ -> 200 (884.4 ms)
INFO 2026-06-19 15:10:51,028 middleware [Riebook] GET /cart/ -> 200 (194.2 ms)
INFO 2026-06-19 15:10:52,556 middleware [Riebook] GET /cart/ -> 200 (170.3 ms)
INFO 2026-06-19 15:10:52,997 middleware [Riebook] GET /cart/ -> 200 (268.5 ms)
INFO 2026-06-19 15:11:07,748 middleware [Riebook] GET /cart/remove/1/ -> 302 (168.5 ms)
INFO 2026-06-19 15:11:07,942 middleware [Riebook] GET /cart/ -> 200 (115.2 ms)
INFO 2026-06-19 15:11:10,332 middleware [Riebook] GET /cart/ -> 200 (261.9 ms)
INFO 2026-06-19 15:11:52,902 middleware [AnonymousUser] GET / -> 200 (514.6 ms)
INFO 2026-06-19 15:11:53,225 middleware [AnonymousUser] GET /media/books/%D0%A1%D0%BD%D0%B8%D0%BC%D0%BE%D0%BA_%D1%8D%D0%BA%D1%80%D0%B0%D0%BD%D0%B0_2026-06-05_235213.png -> 200 (106.0 ms)
INFO 2026-06-19 15:11:57,648 middleware [Riebook] GET /cart/ -> 200 (272.7 ms)
INFO 2026-06-19 15:11:58,662 middleware [Riebook] GET /cart/ -> 200 (183.4 ms)
INFO 2026-06-19 15:11:58,983 middleware [Riebook] GET /cart/ -> 200 (101.7 ms)
INFO 2026-06-19 15:12:20,381 middleware [Riebook] GET /cart/ -> 200 (169.1 ms)
INFO 2026-06-19 15:12:23,230 middleware [Riebook] GET / -> 200 (123.1 ms)
INFO 2026-06-19 15:12:23,446 middleware [Riebook] GET /media/books/%D0%A1%D0%BD%D0%B8%D0%BC%D0%BE%D0%BA_%D1%8D%D0%BA%D1%80%D0%B0%D0%BD%D0%B0_2026-06-05_235213.png -> 304 (139.9 ms)
INFO 2026-06-19 15:12:25,630 middleware [Riebook] GET /books/ -> 200 (177.9 ms)
INFO 2026-06-19 15:12:27,645 middleware [Riebook] GET /cart/add/1/ -> 302 (139.1 ms)
INFO 2026-06-19 15:12:27,839 middleware [Riebook] GET /cart/ -> 200 (138.2 ms)
INFO 2026-06-19 15:12:32,131 middleware [Riebook] GET /order/create/ -> 200 (146.7 ms)
INFO 2026-06-19 15:12:36,009 middleware [Riebook] POST /order/create/ -> 500 (523.1 ms)
INFO 2026-06-19 15:15:10,852 middleware [Riebook] POST /order/create/ -> 200 (168.1 ms)
INFO 2026-06-19 15:16:05,077 middleware [AnonymousUser] GET / -> 200 (627.1 ms)
INFO 2026-06-19 15:16:05,383 middleware [AnonymousUser] GET /media/books/%D0%A1%D0%BD%D0%B8%D0%BC%D0%BE%D0%BA_%D1%8D%D0%BA%D1%80%D0%B0%D0%BD%D0%B0_2026-06-05_235213.png -> 304 (86.4 ms)
INFO 2026-06-19 15:16:11,183 middleware [Riebook] POST /order/create/ -> 200 (2245.2 ms)
INFO 2026-06-19 15:16:12,131 middleware [Riebook] GET /order/create/ -> 500 (238.0 ms)
INFO 2026-06-19 15:16:12,362 middleware [Riebook] GET /step1/ -> 200 (161.7 ms)
INFO 2026-06-19 15:16:23,551 middleware [AnonymousUser] GET /books/ -> 200 (181.1 ms)
INFO 2026-06-19 15:16:25,615 middleware [AnonymousUser] GET /cart/add/1/ -> 302 (178.8 ms)
INFO 2026-06-19 15:16:25,777 middleware [AnonymousUser] GET /cart/ -> 200 (115.7 ms)
INFO 2026-06-19 15:16:27,510 middleware [AnonymousUser] GET /order/create/ -> 200 (155.8 ms)
INFO 2026-06-19 15:16:35,869 middleware [AnonymousUser] POST /order/create/ -> 200 (996.5 ms)
INFO 2026-06-19 15:17:09,835 middleware [AnonymousUser] GET /books/1/update/ -> 302 (786.8 ms)
INFO 2026-06-19 15:17:10,027 middleware [AnonymousUser] GET /login/?next=/books/1/update/ -> 200 (130.0 ms)
INFO 2026-06-19 15:17:12,012 middleware [AnonymousUser] GET / -> 200 (110.0 ms)
INFO 2026-06-19 15:17:15,569 middleware [AnonymousUser] GET /books/ -> 200 (185.1 ms)
INFO 2026-06-19 15:17:17,631 middleware [AnonymousUser] GET /cart/add/1/ -> 302 (153.2 ms)
INFO 2026-06-19 15:17:17,807 middleware [AnonymousUser] GET /cart/ -> 200 (129.6 ms)
INFO 2026-06-19 15:17:19,992 middleware [AnonymousUser] GET /order/create/ -> 200 (121.3 ms)
INFO 2026-06-19 15:17:32,906 middleware [AnonymousUser] POST /order/create/ -> 200 (206.5 ms)
INFO 2026-06-19 15:18:55,818 middleware [Riebook] GET /step1/ -> 200 (1074.3 ms)
INFO 2026-06-19 15:18:56,076 middleware [Riebook] GET / -> 200 (322.4 ms)
INFO 2026-06-19 15:18:56,292 middleware [Riebook] GET /media/books/%D0%A1%D0%BD%D0%B8%D0%BC%D0%BE%D0%BA_%D1%8D%D0%BA%D1%80%D0%B0%D0%BD%D0%B0_2026-06-05_235213.png -> 304 (120.1 ms)
INFO 2026-06-19 15:19:26,055 middleware [Riebook] GET /books/ -> 200 (196.5 ms)
INFO 2026-06-19 15:19:27,344 middleware [Riebook] GET /cart/add/1/ -> 302 (157.2 ms)
INFO 2026-06-19 15:19:27,574 middleware [Riebook] GET /cart/ -> 200 (171.2 ms)
INFO 2026-06-19 15:19:28,890 middleware [Riebook] GET /order/create/ -> 200 (118.3 ms)
INFO 2026-06-19 15:19:31,313 middleware [Riebook] POST /order/create/ -> 302 (108.4 ms)
INFO 2026-06-19 15:19:31,595 middleware [Riebook] GET /payment/process/4/ -> 500 (220.0 ms)
INFO 2026-06-19 15:21:11,107 middleware [Riebook] GET /payment/process/4/ -> 500 (2290.6 ms)
INFO 2026-06-19 15:26:47,815 middleware [Riebook] GET /payment/process/4/ -> 500 (935.8 ms)
